---
source: src/exercises/day13.rs
expression: "lines.iter().map(|line|\n            parse_line(line.to_string())).collect::<Vec<Vec<Packet>>>()"
---
[
    [
        Array(
            [
                Int(
                    1,
                ),
                Int(
                    2,
                ),
                Int(
                    3,
                ),
            ],
        ),
    ],
    [
        Array(
            [
                Int(
                    1,
                ),
                Int(
                    2,
                ),
                Int(
                    3,
                ),
                Array(
                    [
                        Int(
                            4,
                        ),
                        Int(
                            5,
                        ),
                        Array(
                            [],
                        ),
                    ],
                ),
            ],
        ),
    ],
    [
        Array(
            [
                Int(
                    9,
                ),
            ],
        ),
    ],
    [
        Array(
            [
                Array(
                    [
                        Int(
                            1,
                        ),
                    ],
                ),
                Array(
                    [
                        Int(
                            2,
                        ),
                        Int(
                            3,
                        ),
                        Int(
                            4,
                        ),
                    ],
                ),
            ],
        ),
    ],
    [
        Array(
            [
                Array(
                    [
                        Int(
                            1,
                        ),
                    ],
                ),
                Array(
                    [
                        Int(
                            2,
                        ),
                        Int(
                            3,
                        ),
                        Int(
                            14,
                        ),
                    ],
                ),
            ],
        ),
    ],
]
