---
source: src/exercises/day10.rs
assertion_line: 49
expression: operations
---
[
    Addx(
        15,
    ),
    Addx(
        -11,
    ),
    Addx(
        6,
    ),
    Addx(
        -3,
    ),
    Addx(
        5,
    ),
    Addx(
        -1,
    ),
    Addx(
        -8,
    ),
    Addx(
        13,
    ),
    Addx(
        4,
    ),
    Noop,
    Addx(
        -1,
    ),
    Addx(
        5,
    ),
    Addx(
        -1,
    ),
    Addx(
        5,
    ),
    Addx(
        -1,
    ),
    Addx(
        5,
    ),
    Addx(
        -1,
    ),
    Addx(
        5,
    ),
    Addx(
        -1,
    ),
    Addx(
        -35,
    ),
    Addx(
        1,
    ),
    Addx(
        24,
    ),
    Addx(
        -19,
    ),
    Addx(
        1,
    ),
    Addx(
        16,
    ),
    Addx(
        -11,
    ),
    Noop,
    Noop,
    Addx(
        21,
    ),
    Addx(
        -15,
    ),
    Noop,
    Noop,
    Addx(
        -3,
    ),
    Addx(
        9,
    ),
    Addx(
        1,
    ),
    Addx(
        -3,
    ),
    Addx(
        8,
    ),
    Addx(
        1,
    ),
    Addx(
        5,
    ),
    Noop,
    Noop,
    Noop,
    Noop,
    Noop,
    Addx(
        -36,
    ),
    Noop,
    Addx(
        1,
    ),
    Addx(
        7,
    ),
    Noop,
    Noop,
    Noop,
    Addx(
        2,
    ),
    Addx(
        6,
    ),
    Noop,
    Noop,
    Noop,
    Noop,
    Noop,
    Addx(
        1,
    ),
    Noop,
    Noop,
    Addx(
        7,
    ),
    Addx(
        1,
    ),
    Noop,
    Addx(
        -13,
    ),
    Addx(
        13,
    ),
    Addx(
        7,
    ),
    Noop,
    Addx(
        1,
    ),
    Addx(
        -33,
    ),
    Noop,
    Noop,
    Noop,
    Addx(
        2,
    ),
    Noop,
    Noop,
    Noop,
    Addx(
        8,
    ),
    Noop,
    Addx(
        -1,
    ),
    Addx(
        2,
    ),
    Addx(
        1,
    ),
    Noop,
    Addx(
        17,
    ),
    Addx(
        -9,
    ),
    Addx(
        1,
    ),
    Addx(
        1,
    ),
    Addx(
        -3,
    ),
    Addx(
        11,
    ),
    Noop,
    Noop,
    Addx(
        1,
    ),
    Noop,
    Addx(
        1,
    ),
    Noop,
    Noop,
    Addx(
        -13,
    ),
    Addx(
        -19,
    ),
    Addx(
        1,
    ),
    Addx(
        3,
    ),
    Addx(
        26,
    ),
    Addx(
        -30,
    ),
    Addx(
        12,
    ),
    Addx(
        -1,
    ),
    Addx(
        3,
    ),
    Addx(
        1,
    ),
    Noop,
    Noop,
    Noop,
    Addx(
        -9,
    ),
    Addx(
        18,
    ),
    Addx(
        1,
    ),
    Addx(
        2,
    ),
    Noop,
    Noop,
    Addx(
        9,
    ),
    Noop,
    Noop,
    Noop,
    Addx(
        -1,
    ),
    Addx(
        2,
    ),
    Addx(
        -37,
    ),
    Addx(
        1,
    ),
    Addx(
        3,
    ),
    Noop,
    Addx(
        15,
    ),
    Addx(
        -21,
    ),
    Addx(
        22,
    ),
    Addx(
        -6,
    ),
    Addx(
        1,
    ),
    Noop,
    Addx(
        2,
    ),
    Addx(
        1,
    ),
    Noop,
    Addx(
        -10,
    ),
    Noop,
    Noop,
    Addx(
        20,
    ),
    Addx(
        1,
    ),
    Addx(
        2,
    ),
    Addx(
        2,
    ),
    Addx(
        -6,
    ),
    Addx(
        -11,
    ),
    Noop,
    Noop,
    Noop,
]
